Starting Tests...
Test Phishing Output: {
  "content_findings": [
    "Found 5 sensitive keywords.",
    "Detected urgent or threatening language.",
    "Critical: Login form detected on page with urgent/sensitive text."
  ],
  "details": "Analysis of URL: http://suspicious-login-update.com. Found 5 sensitive keywords. Detected urgent or threatening language. Critical: Login form detected on page with urgent/sensitive text. completed. Model confidence in safety: 75.6%.",
  "explanation": "This website appears safe. No known phishing patterns or suspicious characteristics were detected.",
  "is_phishing": false,
  "risk_score": 0.2435,
  "url": "http://suspicious-login-update.com"
}
FAIL: Phishing Content Check. Status: 200, Data: {'content_findings': ['Found 5 sensitive keywords.', 'Detected urgent or threatening language.', 'Critical: Login form detected on page with urgent/sensitive text.'], 'details': 'Analysis of URL: http://suspicious-login-update.com. Found 5 sensitive keywords. Detected urgent or threatening language. Critical: Login form detected on page with urgent/sensitive text. completed. Model confidence in safety: 75.6%.', 'explanation': 'This website appears safe. No known phishing patterns or suspicious characteristics were detected.', 'is_phishing': False, 'risk_score': 0.2435, 'url': 'http://suspicious-login-update.com'}
Test Safe Output: {
  "content_findings": [
    "Content Analysis Model flagged this as suspicious (Score: 0.95)."
  ],
  "details": "Analysis of URL: http://google.com. Content Analysis Model flagged this as suspicious (Score: 0.95). The site has high risk indicators. completed. Risk confidence: 66.3%.",
  "explanation": "Generic phishing pattern. The site asks for sensitive credentials without proper SSL validation or on a suspicious domain.",
  "is_phishing": true,
  "risk_score": 0.6628647298645137,
  "url": "http://google.com"
}
FAIL: Safe Content Check. Status: 200, Data: {'content_findings': ['Content Analysis Model flagged this as suspicious (Score: 0.95).'], 'details': 'Analysis of URL: http://google.com. Content Analysis Model flagged this as suspicious (Score: 0.95). The site has high risk indicators. completed. Risk confidence: 66.3%.', 'explanation': 'Generic phishing pattern. The site asks for sensitive credentials without proper SSL validation or on a suspicious domain.', 'is_phishing': True, 'risk_score': 0.6628647298645137, 'url': 'http://google.com'}
